// Jest Snapshot v1, https://goo.gl/fbAQLP

exports[`MovieCard render card 1`] = `
<article
  className="small-movie-card catalog__movies-card"
  onMouseEnter={[Function]}
  onMouseLeave={[Function]}
>
  <video
    className="small-movie-card__image"
    height="175"
    muted={true}
    poster="img/the-grand-budapest-hotel-poster.jpg"
    width="280"
  >
    <source
      src="sintel_trailer-480p.mp4"
      type="video/mp4"
    />
  </video>
  <h3
    className="small-movie-card__title"
  >
    <a
      className="small-movie-card__link"
      href="movie-page.html"
    >
      The Grand Budapest Hotel
    </a>
  </h3>
</article>
`;
